// Jest Snapshot v1, https://goo.gl/fbAQLP

exports[`MoveCard move card should be rendered and match snapshot 1`] = `
<div>
  <div
    class="sc-dkzDqf fBtRFE"
    data-testid="move-card"
  >
    <p>
      water-gun
    </p>
  </div>
</div>
`;
