// Jest Snapshot v1, https://goo.gl/fbAQLP

exports[`Message provided message should be displayed and match snapshot 1`] = `
<div>
  <span
    class="sc-kDDrLX egFLGi"
    type="success"
  >
    Testing-message
  </span>
</div>
`;
