// Jest Snapshot v1, https://goo.gl/fbAQLP

exports[`Loader loader component should be visible and match snapshot 1`] = `
<div>
  <div
    class="sc-bczRLJ judePS"
  />
</div>
`;
